Microchip MPLAB XC8 Compiler V2.40

Linker command line:

-W-3 \
  --edf=C:\Program Files\Microchip\xc8\v2.40\pic\dat\20220703182018_en.msgs \
  -cn -h+dist/default/production\Lab7.X.production.sym \
  --cmf=dist/default/production\Lab7.X.production.cmf -z -Q16F887 \
  -oC:\Users\AMILCA~1\AppData\Local\Temp\xcAs7jo.4 --defsym=__MPLAB_BUILD=1 \
  --fixupoverflow=error -Mdist/default/production/Lab7.X.production.map \
  --md=C:\Users\AMILCA~1\AppData\Local\Temp\xcAs7jo.dat -E1 \
  -ver=XC8 Compiler --acfsm=1493 -ACODE=00h-07FFhx4 -ASTRCODE=00h-01FFFh \
  -ASTRING=00h-0FFhx32 -ACONST=00h-0FFhx32 -AENTRY=00h-0FFhx32 \
  -ACOMMON=070h-07Fh -ABANK0=020h-06Fh -ABANK1=0A0h-0EFh \
  -ABANK2=0110h-016Fh -ABANK3=0190h-01EFh \
  -ARAM=020h-06Fh,0A0h-0EFh,0110h-016Fh,0190h-01EFh \
  -AABS1=020h-07Fh,0A0h-0EFh,0110h-016Fh,0190h-01EFh -ASFR0=00h-01Fh \
  -ASFR1=080h-09Fh -ASFR2=0100h-010Fh -ASFR3=0180h-018Fh \
  -ACONFIG=02007h-02008h -DCONFIG=2 -AIDLOC=02000h-02003h -DIDLOC=2 \
  -AEEDATA=00h-0FFh/02100h -peeprom_data=EEDATA -DEEDATA=2 -DCODE=2 \
  -DSTRCODE=2 -DSTRING=2 -DCONST=2 -DENTRY=2 \
  -preset_vec=00h,intentry=04h,init,end_init -ppowerup=CODE -pcinit=CODE \
  -pfunctab=ENTRY -k C:\Users\AMILCA~1\AppData\Local\Temp\xcAs7jo.o \
  dist/default/production\Lab7.X.production.o 

Object code version is 3.11

Machine type is 16F887



                Name                               Link     Load   Length Selector   Space Scale
C:\Users\AMILCA~1\AppData\Local\Temp\xcAs7jo.o
                end_init                              C        C        3        8       0
                reset_vec                             0        0        3        0       0
                config                             2007     2007        2        0       4
                idloc                              2000     2000        4        0       5
dist/default/production\Lab7.X.production.o
                cinit                                 F        F        8        8       0
                intentry                              4        4        8        8       0
                config                             2007     2007        2        0       4
                idloc                              2000     2000        4        0       5
                text5                               1E0      1E0       1D        8       0
                text4                                B7       B7       69        8       0
                text3                               1BB      1BB       25        8       0
                text2                               182      182       39        8       0
                text1                               120      120       62        8       0
                maintext                             17       17       A0        8       0
                cstackBANK0                          20       20       1E       20       1
                cstackCOMMON                         70       70        A       70       1
                bssBANK0                             3E       3E        1       20       1
                bssCOMMON                            7A       7A        1       70       1

TOTAL           Name                               Link     Load   Length     Space
        CLASS   CODE           
                end_init                              C        C        3         0
                cinit                                 F        F        8         0
                intentry                              4        4        8         0
                reset_vec                             0        0        3         0
                text5                               1E0      1E0       1D         0
                text4                                B7       B7       69         0
                text3                               1BB      1BB       25         0
                text2                               182      182       39         0
                text1                               120      120       62         0
                maintext                             17       17       A0         0

        CLASS   STRCODE        

        CLASS   STRING         

        CLASS   CONST          

        CLASS   ENTRY          

        CLASS   COMMON         
                cstackCOMMON                         70       70        A         1
                bssCOMMON                            7A       7A        1         1

        CLASS   BANK0          
                cstackBANK0                          20       20       1E         1
                bssBANK0                             3E       3E        1         1

        CLASS   BANK1          

        CLASS   BANK2          

        CLASS   BANK3          

        CLASS   RAM            

        CLASS   ABS1           
                abs_s1                               7E       7E        2         1

        CLASS   SFR0           

        CLASS   SFR1           

        CLASS   SFR2           

        CLASS   SFR3           

        CLASS   CONFIG         
                config                             2007     2007        2         4

        CLASS   IDLOC          
                idloc                              2000     2000        4         5

        CLASS   EEDATA         

        CLASS   STACK          



SEGMENTS        Name                           Load    Length   Top    Selector   Space  Class     Delta

                reset_vec                      000000  000003  000003         0       0  CODE        2
                intentry                       000004  0001F9  0001FD         8       0  CODE        2
                cstackBANK0                    000020  00001F  00003F        20       1  BANK0       1
                cstackCOMMON                   000070  00000B  00007B        70       1  COMMON      1


UNUSED ADDRESS RANGES

        Name                Unused          Largest block    Delta
        BANK0            003F-006F             31           1
        BANK1            00A0-00EF             50           1
        BANK2            0110-016F             60           1
        BANK3            0190-01EF             60           1
        CODE             0003-0003              1           2
                         01FD-1FFF            800
        COMMON           007B-007D              3           1
        CONST            0003-0003              1           2
                         01FD-1FFF            100
        EEDATA           2100-21FF            100           2
        ENTRY            0003-0003              1           2
                         01FD-1FFF            100
        RAM              003F-006F             31           1
                         00A0-00EF             50
                         0110-016F             60
                         0190-01EF             60
        SFR0             0000-001F             20           1
        SFR1             0080-009F             20           1
        SFR2             0100-010F             10           1
        SFR3             0180-018F             10           1
        STRCODE          0003-0003              1           2
                         01FD-1FFF           1E03
        STRING           0003-0003              1           2
                         01FD-1FFF            100

                                  Symbol Table

?___awdiv                cstackBANK0  0020
?___wmul                 cstackCOMMON 0073
?_mapear                 cstackBANK0  0028
_ADCON0bits              (abs)        001F
_ADCON1bits              (abs)        009F
_ADIF                    (abs)        0066
_ADRESH                  (abs)        001E
_ANSEL                   (abs)        0188
_ANSELH                  (abs)        0189
_ANSELbits               (abs)        0188
_CCP1CONbits             (abs)        0017
_CCP2CONbits             (abs)        001D
_CCPR1L                  (abs)        0015
_CCPR2L                  (abs)        001B
_INTCONbits              (abs)        000B
_OPTION_REGbits          (abs)        0081
_OSCCONbits              (abs)        008F
_PIR1bits                (abs)        000C
_PORTCbits               (abs)        0007
_PR2                     (abs)        0092
_T2CONbits               (abs)        0012
_TMR0                    (abs)        0001
_TRISAbits               (abs)        0085
_TRISB                   (abs)        0086
_TRISC                   (abs)        0087
_TRISCbits               (abs)        0087
_TRISD                   (abs)        0088
__Habs1                  abs1         0000
__Hbank0                 bank0        0000
__Hbank1                 bank1        0000
__Hbank2                 bank2        0000
__Hbank3                 bank3        0000
__HbssBANK0              bssBANK0     0000
__HbssCOMMON             bssCOMMON    0000
__Hcinit                 cinit        0017
__Hclrtext               clrtext      0000
__Hcode                  code         0000
__Hcommon                common       0000
__Hconfig                config       2009
__HcstackBANK0           cstackBANK0  0000
__HcstackCOMMON          cstackCOMMON 0000
__Heeprom_data           eeprom_data  0000
__Hend_init              end_init     000F
__Hfunctab               functab      0000
__Hidloc                 idloc        2004
__Hinit                  init         000C
__Hintentry              intentry     000C
__Hmaintext              maintext     0000
__Hpowerup               powerup      0000
__Hram                   ram          0000
__Hreset_vec             reset_vec    0003
__Hsfr0                  sfr0         0000
__Hsfr1                  sfr1         0000
__Hsfr2                  sfr2         0000
__Hsfr3                  sfr3         0000
__Hspace_0               (abs)        01FD
__Hspace_1               (abs)        007B
__Hspace_2               (abs)        0000
__Hspace_3               (abs)        0000
__Hspace_4               (abs)        4010
__Hstack                 stack        0000
__Hstrings               strings      0000
__Htext                  text         0000
__Labs1                  abs1         0000
__Lbank0                 bank0        0000
__Lbank1                 bank1        0000
__Lbank2                 bank2        0000
__Lbank3                 bank3        0000
__LbssBANK0              bssBANK0     0000
__LbssCOMMON             bssCOMMON    0000
__Lcinit                 cinit        000F
__Lclrtext               clrtext      0000
__Lcode                  code         0000
__Lcommon                common       0000
__Lconfig                config       0000
__LcstackBANK0           cstackBANK0  0000
__LcstackCOMMON          cstackCOMMON 0000
__Leeprom_data           eeprom_data  0000
__Lend_init              end_init     000C
__Lfunctab               functab      0000
__Lidloc                 idloc        0000
__Linit                  init         000C
__Lintentry              intentry     0004
__Lmaintext              maintext     0000
__Lpowerup               powerup      0000
__Lram                   ram          0000
__Lreset_vec             reset_vec    0000
__Lsfr0                  sfr0         0000
__Lsfr1                  sfr1         0000
__Lsfr2                  sfr2         0000
__Lsfr3                  sfr3         0000
__Lspace_0               (abs)        0000
__Lspace_1               (abs)        0000
__Lspace_2               (abs)        0000
__Lspace_3               (abs)        0000
__Lspace_4               (abs)        0000
__Lstack                 stack        0000
__Lstrings               strings      0000
__Ltext                  text         0000
__S0                     (abs)        01FD
__S1                     (abs)        007B
__S3                     (abs)        0000
___awdiv                 text4        00B7
___awdiv@counter         cstackBANK0  0024
___awdiv@dividend        cstackBANK0  0022
___awdiv@divisor         cstackBANK0  0020
___awdiv@quotient        cstackBANK0  0026
___awdiv@sign            cstackBANK0  0025
___int_sp                stack        0000
___latbits               (abs)        0002
___sp                    stack        0000
___stackhi               (abs)        0000
___stacklo               (abs)        0000
___wmul                  text3        01BB
___wmul@multiplicand     cstackCOMMON 0075
___wmul@multiplier       cstackCOMMON 0073
___wmul@product          cstackCOMMON 0077
__end_of___awdiv         text4        0120
__end_of___wmul          text3        01E0
__end_of__initialization cinit        0013
__end_of_isr             text5        01FD
__end_of_main            maintext     00B7
__end_of_mapear          text2        01BB
__end_of_setup           text1        0182
__initialization         cinit        000F
__pbssBANK0              bssBANK0     003E
__pbssCOMMON             bssCOMMON    007A
__pcstackBANK0           cstackBANK0  0020
__pcstackCOMMON          cstackCOMMON 0070
__pintentry              intentry     0004
__pmaintext              maintext     0017
__ptext1                 text1        0120
__ptext2                 text2        0182
__ptext3                 text3        01BB
__ptext4                 text4        00B7
__ptext5                 text5        01E0
_contador                bssCOMMON    007A
_isr                     text5        01E0
_main                    maintext     0017
_mapear                  text2        0182
_pot_val3                bssBANK0     003E
_setup                   text1        0120
btemp                    (abs)        007E
end_of_initialization    cinit        0013
interrupt_function       intentry     0004
intlevel0                functab      0000
intlevel1                functab      0000
intlevel2                functab      0000
intlevel3                functab      0000
intlevel4                functab      0000
intlevel5                functab      0000
main@adc_value_1         cstackBANK0  0036
main@adc_value_2         cstackBANK0  003A
main@servo1              cstackBANK0  0038
main@servo2              cstackBANK0  003C
mapear@new_val           cstackBANK0  0032
mapear@nuevo_max         cstackBANK0  0030
mapear@nuevo_min         cstackBANK0  002E
mapear@rango_max         cstackBANK0  002C
mapear@rango_min         cstackBANK0  002A
mapear@valor             cstackBANK0  0028
reset_vec                reset_vec    0000
saved_w                  (abs)        007E
start                    init         000C
start_initialization     cinit        000F
wtemp0                   (abs)        007E


MODULE INFORMATION

Module		Function		Class		Link	Load	Size
mainPostLab7.c
		_main          		CODE           	0017	0000	160
		_isr           		CODE           	01E0	0000	29
		_mapear        		CODE           	0182	0000	57
		_setup         		CODE           	0120	0000	98

mainPostLab7.c estimated size: 344

C:\Program Files\Microchip\xc8\v2.40\pic\sources\c90\common\awdiv.c
		___awdiv       		CODE           	00B7	0000	105

C:\Program Files\Microchip\xc8\v2.40\pic\sources\c90\common\awdiv.c estimated size: 105

C:\Program Files\Microchip\xc8\v2.40\pic\sources\c90\common\Umul16.c
		___wmul        		CODE           	01BB	0000	37

C:\Program Files\Microchip\xc8\v2.40\pic\sources\c90\common\Umul16.c estimated size: 37

shared
		__initialization		CODE           	000F	0000	4

shared estimated size: 4

